// Jest Snapshot v1, https://goo.gl/fbAQLP

exports[`ForecastSummaries renders correctly 1`] = `
<DocumentFragment>
  <div
    class="forecast-summaries"
  >
    <div
      class="forecast-summary"
      data-testid="forecast-summary"
    >
      <div
        class="forecast-summary__date"
      >
        Thu Jan 01 1970
      </div>
      <div
        class="forecast-summary__icon"
        data-testid="forecast-icon"
      >
        <img
          alt="weather-icon"
          src="https://openweathermap.org/img/wn/02d@2x.png"
        />
      </div>
      <div
        class="forecast-summary__temperature"
      >
        °C
      </div>
      <div
        class="forecast-summary__description"
      >
        Stub description
      </div>
      <button
        type="button"
      >
        More details
      </button>
    </div>
    <div
      class="forecast-summary"
      data-testid="forecast-summary"
    >
      <div
        class="forecast-summary__date"
      >
        Thu Jan 01 1970
      </div>
      <div
        class="forecast-summary__icon"
        data-testid="forecast-icon"
      >
        <img
          alt="weather-icon"
          src="https://openweathermap.org/img/wn/13d@2x.png"
        />
      </div>
      <div
        class="forecast-summary__temperature"
      >
        °C
      </div>
      <div
        class="forecast-summary__description"
      >
        Stub description2
      </div>
      <button
        type="button"
      >
        More details
      </button>
    </div>
  </div>
</DocumentFragment>
`;
