// Jest Snapshot v1, https://goo.gl/fbAQLP

exports[`ForecastDetails renders correctly 1`] = `
<DocumentFragment>
  <div
    class="forecast-details"
    data-testid="forecast-details"
  >
    <div
      class="forecast-details__date"
    >
      Thu Jan 01 1970
    </div>
    <div
      class="forecast-details__temperature"
    >
      22Â°C
    </div>
    <div
      class="forecast-details__humidity"
    >
      30%
    </div>
    <div
      class="forecast-details__wind-speed"
    >
      12mph
    </div>
    <div
      class="forecast-details__wind-direction"
    >
      s
    </div>
  </div>
</DocumentFragment>
`;
